{"timestamp": "2026-10-04T03:40:32.000Z", "session_id": "test-session", "tool_name": "read_file", "arguments": {"file_path": "x.txt"}, "success": false, "requires_confirmation": false, "error": "未知工具: read_file，可用工具: []"}
{"timestamp": "2026-10-04T03:40:32.000Z", "session_id": "test-session", "tool_name": "read_file", "arguments": {"file_path": "test.txt"}, "success": true, "requires_confirmation": false, "error": null}
{"timestamp": "2026-10-04T03:40:32.000Z", "session_id": "test-session", "tool_name": "read_file", "arguments": {"file_path": "nonexistent.txt"}, "success": false, "requires_confirmation": false, "error": "文件不存在: nonexistent.txt"}
{"timestamp": "2026-10-04T03:40:32.000Z", "session_id": "test-session", "tool_name": "read_file", "arguments": {"file_path": "lines.txt", "start_line": 3, "end_line": 5}, "success": true, "requires_confirmation": false, "error": null}
{"timestamp": "2026-10-04T03:40:32.000Z", "session_id": "test-session", "tool_name": "read_file", "arguments": {"file_path": "../../../etc/passwd"}, "success": false, "requires_confirmation": false, "error": "文件路径非法或逃逸出工作区: ../../../etc/passwd"}
{"timestamp": "2026-10-04T03:40:32.000Z", "session_id": "test-session", "tool_name": "read_file", "arguments": {}, "success": false, "requires_confirmation": false, "error": "缺少必填参数 file_path"}
{"timestamp": "2026-10-04T03:40:32.000Z", "session_id": "test-session", "tool_name": "write_file", "arguments": {"file_path": "new.py", "content": "print('hi')\n"}, "success": true, "requires_confirmation": true, "error": null}
{"timestamp": "2026-10-04T03:40:32.000Z", "session_id": "test-session", "tool_name": "write_file", "arguments": {"file_path": "x.py"}, "success": false, "requires_confirmation": false, "error": "缺少必填参数 content"}
{"timestamp": "2026-10-04T03:40:32.000Z", "session_id": "test-session", "tool_name": "run_command", "arguments": {"cmd": "rm -rf /"}, "success": false, "requires_confirmation": false, "error": "危险命令已被拦截，禁止执行"}
{"timestamp": "2026-10-04T03:40:32.000Z", "session_id": "test-session", "tool_name": "run_command", "arguments": {"cmd": "sudo apt install"}, "success": false, "requires_confirmation": false, "error": "危险命令已被拦截，禁止执行"}
{"timestamp": "2026-10-04T03:40:32.000Z", "session_id": "test-session", "tool_name": "run_command", "arguments": {"cmd": "echo hello"}, "success": true, "requires_confirmation": true, "error": null}
{"timestamp": "2026-10-04T03:40:32.000Z", "session_id": "test-session", "tool_name": "write_file", "arguments": {"file_path": "confirmed.py", "content": "print('confirmed')\n"}, "success": true, "requires_confirmation": true, "error": null}
{"timestamp": "2026-10-04T03:40:32.000Z", "session_id": "test-session", "tool_name": "write_file", "arguments": {"file_path": "confirmed.py", "content": "print('confirmed')\n"}, "success": true, "requires_confirmation": false, "error": null}
{"timestamp": "2026-10-04T03:40:32.000Z", "session_id": "test-session", "tool_name": "write_file", "arguments": {"file_path": "denied.py", "content": "print('denied')\n"}, "success": true, "requires_confirmation": true, "error": null}
{"timestamp": "2026-10-04T03:40:32.000Z", "session_id": "test-session", "tool_name": "write_file", "arguments": {"file_path": "denied.py", "content": "print('denied')\n"}, "success": false, "requires_confirmation": false, "error": "用户拒绝执行该操作"}
{"timestamp": "2026-10-04T03:40:32.000Z", "session_id": "test-session", "tool_name": "write_file", "arguments": {"file_path": "once.py", "content": "x=1\n"}, "success": true, "requires_confirmation": true, "error": null}
{"timestamp": "2026-10-04T03:40:32.000Z", "session_id": "test-session", "tool_name": "write_file", "arguments": {"file_path": "once.py", "content": "x=1\n"}, "success": true, "requires_confirmation": false, "error": null}
{"timestamp": "2026-10-04T03:40:32.000Z", "session_id": "test-session", "tool_name": "run_command", "arguments": {"cmd": "echo hello_world"}, "success": true, "requires_confirmation": true, "error": null}
{"timestamp": "2026-10-04T03:40:32.000Z", "session_id": "test-session", "tool_name": "run_command", "arguments": {"cmd": "echo hello_world"}, "success": true, "requires_confirmation": false, "error": null}
{"timestamp": "2026-10-04T03:40:32.000Z", "session_id": "test-session", "tool_name": "grep_search", "arguments": {"pattern": "def foo"}, "success": true, "requires_confirmation": false, "error": null}
{"timestamp": "2026-10-04T03:40:32.000Z", "session_id": "test-session", "tool_name": "git_commit", "arguments": {"message": "test commit"}, "success": false, "requires_confirmation": false, "error": "获取 git status 失败: fatal: not a git repository (or any of the parent directories): .git\n"}
{"timestamp": "2026-10-04T03:40:32.000Z", "session_id": "bridge-test", "tool_name": "read_file", "arguments": {"file_path": "bridge.txt"}, "success": true, "requires_confirmation": false, "error": null}
{"timestamp": "2026-10-04T03:40:32.000Z", "session_id": "bridge-test", "tool_name": "read_file", "arguments": {"file_path": "no.txt"}, "success": false, "requires_confirmation": false, "error": "文件不存在: no.txt"}
{"timestamp": "2026-10-04T03:40:32.000Z", "session_id": "bridge-test", "tool_name": "write_file", "arguments": {"file_path": "x.py", "content": "y"}, "success": true, "requires_confirmation": true, "error": null}
